=== Foreplay v8 — estáticos EXCELENTES por nicho ===
📦 Manifest actual: 2346 anuncios
🔑 Login...
   token ok

🎯 Beauty ... 53 candidatos (likes: 241032→205 · días: 81/1271)
   → guardados 16 nuevos

🎯 Health/Wellness ... 52 candidatos (likes: 249290→205 · días: 48/1271)
   → guardados 20 nuevos

🎯 Fashion ... 45 candidatos (likes: 154829→256 · días: 44/60)
   → guardados 6 nuevos

🎯 Food/Drink ... 31 candidatos (likes: 143025→229 · días: 40/157)
   → guardados 4 nuevos

🎯 Home/Garden ... 38 candidatos (likes: 18806→1817 · días: 70/25)
   → guardados 4 nuevos

🎯 Sports/Outdoors ... 24 candidatos (likes: 690415→2874 · días: 38/1)
   ❌ storage YogaSix: The object exceeded the maximum allowed size
   → guardados 3 nuevos

🎯 Pets ... 52 candidatos (likes: 53080→252 · días: 40/12)
   → guardados 18 nuevos

🎯 Accessories ... 54 candidatos (likes: 1112552→480 · días: 78/55)
   → guardados 7 nuevos

🎯 Jewelry/Watches ... 33 candidatos (likes: 2598709→214 · días: 42/615)
   → guardados 0 nuevos

🎯 Kids/Baby ... 29 candidatos (likes: 261088→2563 · días: 62/20)
   → guardados 3 nuevos

🎯 Tech ... 41 candidatos (likes: 97508→400 · días: 182/9)
   → guardados 6 nuevos

🎯 Automotive ... 12 candidatos (likes: 1084418→700 · días: 603/44)
   → guardados 0 nuevos

🎯 Travel ... 14 candidatos (likes: 43974→5256 · días: 227/10)
   → guardados 1 nuevos

🎯 Finance ... 22 candidatos (likes: 168234→15578 · días: 73/1)
   → guardados 1 nuevos

🎯 Education ... 43 candidatos (likes: 116034→366 · días: 56/47)
   → guardados 17 nuevos

🎯 App/Software ... 40 candidatos (likes: 814368→441 · días: 75/24)
   → guardados 19 nuevos

🎯 Medical ... 34 candidatos (likes: 745834→205 · días: 75/1271)
   → guardados 10 nuevos

🎯 Service Business ... 50 candidatos (likes: 266325→582 · días: 70/1141)
   → guardados 7 nuevos

🎯 Business/Professional ... 39 candidatos (likes: 109222→252 · días: 62/981)
   → guardados 8 nuevos

🎯 Real Estate ... 32 candidatos (likes: 100957→201 · días: 75/206)
   → guardados 8 nuevos
📄 Manifest subido a Storage

===== RESUMEN =====
  Beauty: +16
  Health/Wellness: +20
  Fashion: +6
  Food/Drink: +4
  Home/Garden: +4
  Sports/Outdoors: +3
  Pets: +18
  Accessories: +7
  Jewelry/Watches: +0
  Kids/Baby: +3
  Tech: +6
  Automotive: +0
  Travel: +1
  Finance: +1
  Education: +17
  App/Software: +19
  Medical: +10
  Service Business: +7
  Business/Professional: +8
  Real Estate: +8
  TOTAL nuevos: 158 · Manifest final: 2504
