=== Foreplay v7 — carruseles ganadores por nicho ===
📦 Manifest actual: 1946 anuncios
🔑 Login...
   token ok

🎯 Beauty ... 94 candidatos (likes: 4062587→0 · días: 179/1267)
   → guardados 20 nuevos

🎯 Health/Wellness ... 112 candidatos (likes: 282554→2 · días: 63/260)
   ⚠️ slide falló (Justin - Get Clients): Invalid URL
   ⚠️ slide falló (Justin - Get Clients): Invalid URL
   ⚠️ slide falló (Justin - Get Clients): Invalid URL
   ⚠️ slide falló (Justin - Get Clients): Invalid URL
   ⚠️ slide falló (Justin - Get Clients): Invalid URL
   ⚠️ slide falló (Justin - Get Clients): Invalid URL
   ⚠️ slide falló (Justin - Get Clients): Invalid URL
   ⚠️ slide falló (Justin - Get Clients): Invalid URL
   ⚠️ slide falló (Justin - Get Clients): Invalid URL
   ⚠️ slide falló (Justin - Get Clients): Invalid URL
   → guardados 20 nuevos

🎯 Fashion ... 80 candidatos (likes: 3568713→0 · días: 37/658)
   → guardados 20 nuevos

🎯 Food/Drink ... 102 candidatos (likes: 367150→31 · días: 214/1)
   → guardados 20 nuevos

🎯 Home/Garden ... 107 candidatos (likes: 4141651→0 · días: 42/190)
   ⚠️ slide falló (California Closets of Philadelphia and Delaware): The object exceeded the maximum allowed size
   → guardados 20 nuevos

🎯 Sports/Outdoors ... 105 candidatos (likes: 1439372→21 · días: 65/1)
   ⚠️ slide falló (Anytime Fitness Gretna): The object exceeded the maximum allowed size
   ⚠️ slide falló (Anytime Fitness Gretna): The object exceeded the maximum allowed size
   ⚠️ slide falló (Anytime Fitness Gretna): The object exceeded the maximum allowed size
   ⚠️ slide falló (Anytime Fitness Gretna): The object exceeded the maximum allowed size
   → guardados 20 nuevos

🎯 Pets ... 113 candidatos (likes: 4158017→29 · días: 337/21)
   → guardados 20 nuevos

🎯 Accessories ... 104 candidatos (likes: 1721966→2 · días: 72/149)
   → guardados 20 nuevos

🎯 Jewelry/Watches ... 105 candidatos (likes: 842045→7 · días: 263/48)
   → guardados 20 nuevos

🎯 Kids/Baby ... 109 candidatos (likes: 12361334→2 · días: 32/131)
   → guardados 20 nuevos

🎯 Tech ... 112 candidatos (likes: 26386297→7 · días: 54/51)
   → guardados 20 nuevos

🎯 Automotive ... 110 candidatos (likes: 4753109→2 · días: 42/295)
   ⚠️ slide falló (Sunridge Auto): Invalid URL
   ⚠️ slide falló (Sunridge Auto): Invalid URL
   ⚠️ slide falló (Sunridge Auto): Invalid URL
   ⚠️ slide falló (Sunridge Auto): Invalid URL
   ⚠️ slide falló (Sunridge Auto): Invalid URL
   ⚠️ slide falló (Sunridge Auto): Invalid URL
   ⚠️ slide falló (Sunridge Auto): Invalid URL
   ⚠️ slide falló (Sunridge Auto): Invalid URL
   ⚠️ slide falló (Sunridge Auto): Invalid URL
   ⚠️ slide falló (Sunridge Auto): Invalid URL
   → guardados 20 nuevos

🎯 Travel ... 96 candidatos (likes: 703296→4 · días: 174/4)
   → guardados 20 nuevos

🎯 Finance ... 107 candidatos (likes: 3142183→3 · días: 37/6)
   → guardados 20 nuevos

🎯 Education ... 109 candidatos (likes: 767834→3 · días: 34/284)
   → guardados 20 nuevos

🎯 App/Software ... 112 candidatos (likes: 103074→27 · días: 260/112)
   → guardados 20 nuevos

🎯 Medical ... 75 candidatos (likes: 753786→0 · días: 57/248)
   → guardados 20 nuevos

🎯 Service Business ... 88 candidatos (likes: 266325→6 · días: 33/607)
   ⚠️ slide falló (Fresh Patch): Invalid URL
   ⚠️ slide falló (Fresh Patch): Invalid URL
   ⚠️ slide falló (Fresh Patch): Invalid URL
   ⚠️ slide falló (Fresh Patch): Invalid URL
   ⚠️ slide falló (Fresh Patch): Invalid URL
   ⚠️ slide falló (Fresh Patch): Invalid URL
   ⚠️ slide falló (Fresh Patch): Invalid URL
   ⚠️ slide falló (Fresh Patch): Invalid URL
   ⚠️ slide falló (Fresh Patch): Invalid URL
   ⚠️ slide falló (Fresh Patch): Invalid URL
   → guardados 20 nuevos

🎯 Business/Professional ... 90 candidatos (likes: 2463571→0 · días: 72/107)
   → guardados 20 nuevos

🎯 Real Estate ... 111 candidatos (likes: 352596→2 · días: 40/291)
   → guardados 20 nuevos
📄 Manifest subido a Storage

===== RESUMEN =====
  Beauty: +20
  Health/Wellness: +20
  Fashion: +20
  Food/Drink: +20
  Home/Garden: +20
  Sports/Outdoors: +20
  Pets: +20
  Accessories: +20
  Jewelry/Watches: +20
  Kids/Baby: +20
  Tech: +20
  Automotive: +20
  Travel: +20
  Finance: +20
  Education: +20
  App/Software: +20
  Medical: +20
  Service Business: +20
  Business/Professional: +20
  Real Estate: +20
  TOTAL nuevos: 400 · Manifest final: 2346
