=== Foreplay Videos — sección aparte, mejores por nicho ===
📦 Manifest actual: 1821 videos
🔑 Login...
   token ok

🎯 Beauty ... 266 candidatos (likes: 493789→1 · días: 314/120)
   → guardados 25 nuevos

🎯 Health/Wellness ... 221 candidatos (likes: 813987→0 · días: 63/59)
   → guardados 25 nuevos

🎯 Fashion ... 294 candidatos (likes: 6577005→0 · días: 36/105)
   → guardados 25 nuevos

🎯 Food/Drink ... 196 candidatos (likes: 1309067→4 · días: 41/47)
   → guardados 25 nuevos

🎯 Home/Garden ... 263 candidatos (likes: 732326→6 · días: 115/39)
   → guardados 25 nuevos

🎯 Sports/Outdoors ... 194 candidatos (likes: 690415→0 · días: 34/31)
   → guardados 25 nuevos

🎯 Pets ... 224 candidatos (likes: 353015→164 · días: 62/13)
   → guardados 25 nuevos

🎯 Accessories ... 259 candidatos (likes: 3072081→0 · días: 49/154)
   → guardados 25 nuevos

🎯 Jewelry/Watches ... 215 candidatos (likes: 532163→489 · días: 43/23)
   → guardados 25 nuevos

🎯 Kids/Baby ... 237 candidatos (likes: 471098→0 · días: 139/60)
   ❌ storage Little Me: Bad Request
   → guardados 25 nuevos

🎯 Tech ... 258 candidatos (likes: 631714→1 · días: 74/75)
   → guardados 25 nuevos

🎯 Automotive ... 269 candidatos (likes: 700920→8 · días: 64/47)
   → guardados 25 nuevos

🎯 Travel ... 149 candidatos (likes: 2029392→0 · días: 202/58)
   → guardados 25 nuevos

🎯 Finance ... 124 candidatos (likes: 110601→1 · días: 33/38)
   → guardados 25 nuevos

🎯 Education ... 167 candidatos (likes: 1556991→9 · días: 75/39)
   → guardados 25 nuevos

🎯 App/Software ... 236 candidatos (likes: 302676→23 · días: 35/181)
   → guardados 25 nuevos

🎯 Medical ... 187 candidatos (likes: 1704115→0 · días: 248/227)
   → guardados 25 nuevos

🎯 Service Business ... 301 candidatos (likes: 892156→0 · días: 44/48)
   → guardados 25 nuevos

🎯 Business/Professional ... 253 candidatos (likes: 1626959→0 · días: 68/376)
   → guardados 25 nuevos

🎯 Real Estate ... 197 candidatos (likes: 618713→0 · días: 38/31)
   → guardados 25 nuevos
📄 Manifest subido a Storage

===== RESUMEN =====
  Beauty: +25
  Health/Wellness: +25
  Fashion: +25
  Food/Drink: +25
  Home/Garden: +25
  Sports/Outdoors: +25
  Pets: +25
  Accessories: +25
  Jewelry/Watches: +25
  Kids/Baby: +25
  Tech: +25
  Automotive: +25
  Travel: +25
  Finance: +25
  Education: +25
  App/Software: +25
  Medical: +25
  Service Business: +25
  Business/Professional: +25
  Real Estate: +25
  TOTAL nuevos: 500 · Manifest final: 2321
