=== Foreplay Videos — sección aparte, mejores por nicho ===
📦 Manifest actual: 1521 videos
🔑 Login...
   token ok

🎯 Education ... 147 candidatos (likes: 1556991→9 · días: 75/39)
   → guardados 50 nuevos

🎯 App/Software ... 183 candidatos (likes: 302676→23 · días: 35/181)
   → guardados 50 nuevos

🎯 Medical ... 142 candidatos (likes: 1704115→0 · días: 248/227)
   → guardados 50 nuevos

🎯 Service Business ... 233 candidatos (likes: 266325→0 · días: 84/48)
   → guardados 50 nuevos

🎯 Business/Professional ... 189 candidatos (likes: 1626959→0 · días: 68/376)
   → guardados 50 nuevos

🎯 Real Estate ... 167 candidatos (likes: 618713→0 · días: 38/64)
   → guardados 50 nuevos
📄 Manifest subido a Storage

===== RESUMEN =====
  Education: +50
  App/Software: +50
  Medical: +50
  Service Business: +50
  Business/Professional: +50
  Real Estate: +50
  TOTAL nuevos: 300 · Manifest final: 1821
