=== Foreplay Videos — sección aparte, mejores por nicho ===
📦 Manifest actual: 797 videos
🔑 Login...
   token ok

🎯 Beauty ... 197 candidatos (likes: 282821→1 · días: 48/120)
   → guardados 50 nuevos

🎯 Health/Wellness ... 175 candidatos (likes: 813987→0 · días: 63/59)
   → guardados 50 nuevos

🎯 Fashion ... 211 candidatos (likes: 6577005→0 · días: 36/105)
   → guardados 50 nuevos

🎯 Food/Drink ... 151 candidatos (likes: 1309067→4 · días: 41/47)
   → guardados 50 nuevos

🎯 Home/Garden ... 214 candidatos (likes: 151800→6 · días: 143/39)
   → guardados 50 nuevos

🎯 Sports/Outdoors ... 151 candidatos (likes: 690415→1 · días: 34/80)
   → guardados 50 nuevos

🎯 Pets ... 165 candidatos (likes: 353015→164 · días: 62/13)
   → guardados 50 nuevos

🎯 Accessories ... 207 candidatos (likes: 3072081→0 · días: 49/154)
   → guardados 50 nuevos

🎯 Jewelry/Watches ... 161 candidatos (likes: 532163→489 · días: 43/23)
   → guardados 50 nuevos

🎯 Kids/Baby ... 169 candidatos (likes: 466445→0 · días: 34/60)
   → guardados 50 nuevos

🎯 Tech ... 195 candidatos (likes: 631714→1 · días: 74/75)
   → guardados 50 nuevos

🎯 Automotive ... 198 candidatos (likes: 700920→8 · días: 64/47)
   → guardados 50 nuevos

🎯 Travel ... 139 candidatos (likes: 2029392→0 · días: 202/58)
   → guardados 50 nuevos

🎯 Finance ... 93 candidatos (likes: 110601→1 · días: 33/38)
   → guardados 50 nuevos

🎯 Education ...    Education: status 401, corto
50 candidatos (likes: 209630→19 · días: 36/58)
   → guardados 24 nuevos

🎯 App/Software ...    App/Software: status 401, corto
0 candidatos (likes: 0→0 · días: 0/0)
   → guardados 0 nuevos

🎯 Medical ...    Medical: status 401, corto
0 candidatos (likes: 0→0 · días: 0/0)
   → guardados 0 nuevos

🎯 Service Business ...    Service Business: status 401, corto
0 candidatos (likes: 0→0 · días: 0/0)
   → guardados 0 nuevos

🎯 Business/Professional ...    Business/Professional: status 401, corto
0 candidatos (likes: 0→0 · días: 0/0)
   → guardados 0 nuevos

🎯 Real Estate ...    Real Estate: status 401, corto
0 candidatos (likes: 0→0 · días: 0/0)
   → guardados 0 nuevos
📄 Manifest subido a Storage

===== RESUMEN =====
  Beauty: +50
  Health/Wellness: +50
  Fashion: +50
  Food/Drink: +50
  Home/Garden: +50
  Sports/Outdoors: +50
  Pets: +50
  Accessories: +50
  Jewelry/Watches: +50
  Kids/Baby: +50
  Tech: +50
  Automotive: +50
  Travel: +50
  Finance: +50
  Education: +24
  App/Software: +0
  Medical: +0
  Service Business: +0
  Business/Professional: +0
  Real Estate: +0
  TOTAL nuevos: 724 · Manifest final: 1521
